
> frontend@0.1.0 test
> jest --passWithNoTests

node.exe : PASS lib/__tests__/api.test.ts
At line:1 char:1
+ & "C:\Program Files\nodejs/node.exe" "C:\Program Files\nodejs/node_mo ...
+ ~~~~~~~~~~~~~~~~~~~~~~~~~~~~~~~~~~~~~~~~~~~~~~~~~~~~~~~~~~~~~~~~~~~~~
    + CategoryInfo          : NotSpecified: (PASS lib/__tests__/api.test.t    s:String) [], RemoteException
    + FullyQualifiedErrorId : NativeCommandError
 
PASS components/__tests__/PlayerCard.test.tsx
PASS components/__tests__/SearchBar.test.tsx
FAIL app/__tests__/page.test.tsx
  ΓùÅ Console

    console.error
      Warning: An update to Home inside a test was not wrapped in act(...).
      
      When testing, code that causes React state updates should be wrapped into act(...):
      
      act(() => {
        /* fire events that update state */
      });
      /* assert on the output */
      
      This ensures that you're testing the behavior the user would see in the browser. Learn more at https://reactjs.org/link/wrap-tests-with-act
          at Home (C:\Users\STEORA SYSTEMS\Downloads\scout-ai\frontend\app\page.tsx:19:51)

    [0m [90m 54 |[39m
     [90m 55 |[39m       [90m// Perform API search[39m
    [31m[1m>[22m[39m[90m 56 |[39m       setIsLoading([36mtrue[39m)[33m;[39m
     [90m    |[39m       [31m[1m^[22m[39m
     [90m 57 |[39m       setError([36mnull[39m)[33m;[39m
     [90m 58 |[39m       
     [90m 59 |[39m       [36mtry[39m {[0m

      at printWarning (node_modules/react-dom/cjs/react-dom.development.js:86:30)
      at error (node_modules/react-dom/cjs/react-dom.development.js:60:7)
      at warnIfUpdatesNotWrappedWithActDEV (node_modules/react-dom/cjs/react-dom.development.js:27628:9)
      at scheduleUpdateOnFiber (node_modules/react-dom/cjs/react-dom.development.js:25547:5)
      at dispatchSetState (node_modules/react-dom/cjs/react-dom.development.js:16708:7)
      at setIsLoading (app/page.tsx:56:7)
      at callTimer (node_modules/@sinonjs/fake-timers/src/fake-timers-src.js:806:24)
      at doTickInner (node_modules/@sinonjs/fake-timers/src/fake-timers-src.js:1413:29)
      at doTick (node_modules/@sinonjs/fake-timers/src/fake-timers-src.js:1494:20)
      at Object.tick (node_modules/@sinonjs/fake-timers/src/fake-timers-src.js:1502:20)
      at FakeTimers.advanceTimersByTime (node_modules/@jest/fake-timers/build/index.js:576:19)
      at Object.advanceTimersByTime (app/__tests__/page.test.tsx:125:12)

    console.error
      Warning: An update to Home inside a test was not wrapped in act(...).
      
      When testing, code that causes React state updates should be wrapped into act(...):
      
      act(() => {
        /* fire events that update state */
      });
      /* assert on the output */
      
      This ensures that you're testing the behavior the user would see in the browser. Learn more at https://reactjs.org/link/wrap-tests-with-act
          at Home (C:\Users\STEORA SYSTEMS\Downloads\scout-ai\frontend\app\page.tsx:19:51)

    [0m [90m 55 |[39m       [90m// Perform API search[39m
     [90m 56 |[39m       setIsLoading([36mtrue[39m)[33m;[39m
    [31m[1m>[22m[39m[90m 57 |[39m       setError([36mnull[39m)[33m;[39m
     [90m    |[39m       [31m[1m^[22m[39m
     [90m 58 |[39m       
     [90m 59 |[39m       [36mtry[39m {
     [90m 60 |[39m         [36mconst[39m result [33m=[39m [36mawait[39m searchPlayer(playerName)[33m;[39m[0m

      at printWarning (node_modules/react-dom/cjs/react-dom.development.js:86:30)
      at error (node_modules/react-dom/cjs/react-dom.development.js:60:7)
      at warnIfUpdatesNotWrappedWithActDEV (node_modules/react-dom/cjs/react-dom.development.js:27628:9)
      at scheduleUpdateOnFiber (node_modules/react-dom/cjs/react-dom.development.js:25547:5)
      at dispatchSetState (node_modules/react-dom/cjs/react-dom.development.js:16708:7)
      at setError (app/page.tsx:57:7)
      at callTimer (node_modules/@sinonjs/fake-timers/src/fake-timers-src.js:806:24)
      at doTickInner (node_modules/@sinonjs/fake-timers/src/fake-timers-src.js:1413:29)
      at doTick (node_modules/@sinonjs/fake-timers/src/fake-timers-src.js:1494:20)
      at Object.tick (node_modules/@sinonjs/fake-timers/src/fake-timers-src.js:1502:20)
      at FakeTimers.advanceTimersByTime (node_modules/@jest/fake-timers/build/index.js:576:19)
      at Object.advanceTimersByTime (app/__tests__/page.test.tsx:125:12)

    console.error
      Warning: An update to Home inside a test was not wrapped in act(...).
      
      When testing, code that causes React state updates should be wrapped into act(...):
      
      act(() => {
        /* fire events that update state */
      });
      /* assert on the output */
      
      This ensures that you're testing the behavior the user would see in the browser. Learn more at https://reactjs.org/link/wrap-tests-with-act
          at Home (C:\Users\STEORA SYSTEMS\Downloads\scout-ai\frontend\app\page.tsx:19:51)

    [0m [90m 54 |[39m
     [90m 55 |[39m       [90m// Perform API search[39m
    [31m[1m>[22m[39m[90m 56 |[39m       setIsLoading([36mtrue[39m)[33m;[39m
     [90m    |[39m       [31m[1m^[22m[39m
     [90m 57 |[39m       setError([36mnull[39m)[33m;[39m
     [90m 58 |[39m       
     [90m 59 |[39m       [36mtry[39m {[0m

      at printWarning (node_modules/react-dom/cjs/react-dom.development.js:86:30)
      at error (node_modules/react-dom/cjs/react-dom.development.js:60:7)
      at warnIfUpdatesNotWrappedWithActDEV (node_modules/react-dom/cjs/react-dom.development.js:27628:9)
      at scheduleUpdateOnFiber (node_modules/react-dom/cjs/react-dom.development.js:25547:5)
      at dispatchSetState (node_modules/react-dom/cjs/react-dom.development.js:16708:7)
      at setIsLoading (app/page.tsx:56:7)
      at callTimer (node_modules/@sinonjs/fake-timers/src/fake-timers-src.js:806:24)
      at doTickInner (node_modules/@sinonjs/fake-timers/src/fake-timers-src.js:1413:29)
      at doTick (node_modules/@sinonjs/fake-timers/src/fake-timers-src.js:1494:20)
      at Object.tick (node_modules/@sinonjs/fake-timers/src/fake-timers-src.js:1502:20)
      at FakeTimers.advanceTimersByTime (node_modules/@jest/fake-timers/build/index.js:576:19)
      at Object.advanceTimersByTime (app/__tests__/page.test.tsx:175:12)

    console.error
      Warning: An update to Home inside a test was not wrapped in act(...).
      
      When testing, code that causes React state updates should be wrapped into act(...):
      
      act(() => {
        /* fire events that update state */
      });
      /* assert on the output */
      
      This ensures that you're testing the behavior the user would see in the browser. Learn more at https://reactjs.org/link/wrap-tests-with-act
          at Home (C:\Users\STEORA SYSTEMS\Downloads\scout-ai\frontend\app\page.tsx:19:51)

    [0m [90m 55 |[39m       [90m// Perform API search[39m
     [90m 56 |[39m       setIsLoading([36mtrue[39m)[33m;[39m
    [31m[1m>[22m[39m[90m 57 |[39m       setError([36mnull[39m)[33m;[39m
     [90m    |[39m       [31m[1m^[22m[39m
     [90m 58 |[39m       
     [90m 59 |[39m       [36mtry[39m {
     [90m 60 |[39m         [36mconst[39m result [33m=[39m [36mawait[39m searchPlayer(playerName)[33m;[39m[0m

      at printWarning (node_modules/react-dom/cjs/react-dom.development.js:86:30)
      at error (node_modules/react-dom/cjs/react-dom.development.js:60:7)
      at warnIfUpdatesNotWrappedWithActDEV (node_modules/react-dom/cjs/react-dom.development.js:27628:9)
      at scheduleUpdateOnFiber (node_modules/react-dom/cjs/react-dom.development.js:25547:5)
      at dispatchSetState (node_modules/react-dom/cjs/react-dom.development.js:16708:7)
      at setError (app/page.tsx:57:7)
      at callTimer (node_modules/@sinonjs/fake-timers/src/fake-timers-src.js:806:24)
      at doTickInner (node_modules/@sinonjs/fake-timers/src/fake-timers-src.js:1413:29)
      at doTick (node_modules/@sinonjs/fake-timers/src/fake-timers-src.js:1494:20)
      at Object.tick (node_modules/@sinonjs/fake-timers/src/fake-timers-src.js:1502:20)
      at FakeTimers.advanceTimersByTime (node_modules/@jest/fake-timers/build/index.js:576:19)
      at Object.advanceTimersByTime (app/__tests__/page.test.tsx:175:12)

    console.error
      Warning: An update to Home inside a test was not wrapped in act(...).
      
      When testing, code that causes React state updates should be wrapped into act(...):
      
      act(() => {
        /* fire events that update state */
      });
      /* assert on the output */
      
      This ensures that you're testing the behavior the user would see in the browser. Learn more at https://reactjs.org/link/wrap-tests-with-act
          at Home (C:\Users\STEORA SYSTEMS\Downloads\scout-ai\frontend\app\page.tsx:19:51)

    [0m [90m 54 |[39m
     [90m 55 |[39m       [90m// Perform API search[39m
    [31m[1m>[22m[39m[90m 56 |[39m       setIsLoading([36mtrue[39m)[33m;[39m
     [90m    |[39m       [31m[1m^[22m[39m
     [90m 57 |[39m       setError([36mnull[39m)[33m;[39m
     [90m 58 |[39m       
     [90m 59 |[39m       [36mtry[39m {[0m

      at printWarning (node_modules/react-dom/cjs/react-dom.development.js:86:30)
      at error (node_modules/react-dom/cjs/react-dom.development.js:60:7)
      at warnIfUpdatesNotWrappedWithActDEV (node_modules/react-dom/cjs/react-dom.development.js:27628:9)
      at scheduleUpdateOnFiber (node_modules/react-dom/cjs/react-dom.development.js:25547:5)
      at dispatchSetState (node_modules/react-dom/cjs/react-dom.development.js:16708:7)
      at setIsLoading (app/page.tsx:56:7)
      at callTimer (node_modules/@sinonjs/fake-timers/src/fake-timers-src.js:806:24)
      at doTickInner (node_modules/@sinonjs/fake-timers/src/fake-timers-src.js:1413:29)
      at doTick (node_modules/@sinonjs/fake-timers/src/fake-timers-src.js:1494:20)
      at Object.tick (node_modules/@sinonjs/fake-timers/src/fake-timers-src.js:1502:20)
      at FakeTimers.advanceTimersByTime (node_modules/@jest/fake-timers/build/index.js:576:19)
      at Object.advanceTimersByTime (app/__tests__/page.test.tsx:195:12)

    console.error
      Warning: An update to Home inside a test was not wrapped in act(...).
      
      When testing, code that causes React state updates should be wrapped into act(...):
      
      act(() => {
        /* fire events that update state */
      });
      /* assert on the output */
      
      This ensures that you're testing the behavior the user would see in the browser. Learn more at https://reactjs.org/link/wrap-tests-with-act
          at Home (C:\Users\STEORA SYSTEMS\Downloads\scout-ai\frontend\app\page.tsx:19:51)

    [0m [90m 55 |[39m       [90m// Perform API search[39m
     [90m 56 |[39m       setIsLoading([36mtrue[39m)[33m;[39m
    [31m[1m>[22m[39m[90m 57 |[39m       setError([36mnull[39m)[33m;[39m
     [90m    |[39m       [31m[1m^[22m[39m
     [90m 58 |[39m       
     [90m 59 |[39m       [36mtry[39m {
     [90m 60 |[39m         [36mconst[39m result [33m=[39m [36mawait[39m searchPlayer(playerName)[33m;[39m[0m

      at printWarning (node_modules/react-dom/cjs/react-dom.development.js:86:30)
      at error (node_modules/react-dom/cjs/react-dom.development.js:60:7)
      at warnIfUpdatesNotWrappedWithActDEV (node_modules/react-dom/cjs/react-dom.development.js:27628:9)
      at scheduleUpdateOnFiber (node_modules/react-dom/cjs/react-dom.development.js:25547:5)
      at dispatchSetState (node_modules/react-dom/cjs/react-dom.development.js:16708:7)
      at setError (app/page.tsx:57:7)
      at callTimer (node_modules/@sinonjs/fake-timers/src/fake-timers-src.js:806:24)
      at doTickInner (node_modules/@sinonjs/fake-timers/src/fake-timers-src.js:1413:29)
      at doTick (node_modules/@sinonjs/fake-timers/src/fake-timers-src.js:1494:20)
      at Object.tick (node_modules/@sinonjs/fake-timers/src/fake-timers-src.js:1502:20)
      at FakeTimers.advanceTimersByTime (node_modules/@jest/fake-timers/build/index.js:576:19)
      at Object.advanceTimersByTime (app/__tests__/page.test.tsx:195:12)

    console.error
      Warning: An update to Home inside a test was not wrapped in act(...).
      
      When testing, code that causes React state updates should be wrapped into act(...):
      
      act(() => {
        /* fire events that update state */
      });
      /* assert on the output */
      
      This ensures that you're testing the behavior the user would see in the browser. Learn more at https://reactjs.org/link/wrap-tests-with-act
          at Home (C:\Users\STEORA SYSTEMS\Downloads\scout-ai\frontend\app\page.tsx:19:51)

    [0m [90m 54 |[39m
     [90m 55 |[39m       [90m// Perform API search[39m
    [31m[1m>[22m[39m[90m 56 |[39m       setIsLoading([36mtrue[39m)[33m;[39m
     [90m    |[39m       [31m[1m^[22m[39m
     [90m 57 |[39m       setError([36mnull[39m)[33m;[39m
     [90m 58 |[39m       
     [90m 59 |[39m       [36mtry[39m {[0m

      at printWarning (node_modules/react-dom/cjs/react-dom.development.js:86:30)
      at error (node_modules/react-dom/cjs/react-dom.development.js:60:7)
      at warnIfUpdatesNotWrappedWithActDEV (node_modules/react-dom/cjs/react-dom.development.js:27628:9)
      at scheduleUpdateOnFiber (node_modules/react-dom/cjs/react-dom.development.js:25547:5)
      at dispatchSetState (node_modules/react-dom/cjs/react-dom.development.js:16708:7)
      at setIsLoading (app/page.tsx:56:7)
      at callTimer (node_modules/@sinonjs/fake-timers/src/fake-timers-src.js:806:24)
      at doTickInner (node_modules/@sinonjs/fake-timers/src/fake-timers-src.js:1413:29)
      at doTick (node_modules/@sinonjs/fake-timers/src/fake-timers-src.js:1494:20)
      at Object.tick (node_modules/@sinonjs/fake-timers/src/fake-timers-src.js:1502:20)
      at FakeTimers.advanceTimersByTime (node_modules/@jest/fake-timers/build/index.js:576:19)
      at Object.advanceTimersByTime (app/__tests__/page.test.tsx:235:12)

    console.error
      Warning: An update to Home inside a test was not wrapped in act(...).
      
      When testing, code that causes React state updates should be wrapped into act(...):
      
      act(() => {
        /* fire events that update state */
      });
      /* assert on the output */
      
      This ensures that you're testing the behavior the user would see in the browser. Learn more at https://reactjs.org/link/wrap-tests-with-act
          at Home (C:\Users\STEORA SYSTEMS\Downloads\scout-ai\frontend\app\page.tsx:19:51)

    [0m [90m 55 |[39m       [90m// Perform API search[39m
     [90m 56 |[39m       setIsLoading([36mtrue[39m)[33m;[39m
    [31m[1m>[22m[39m[90m 57 |[39m       setError([36mnull[39m)[33m;[39m
     [90m    |[39m       [31m[1m^[22m[39m
     [90m 58 |[39m       
     [90m 59 |[39m       [36mtry[39m {
     [90m 60 |[39m         [36mconst[39m result [33m=[39m [36mawait[39m searchPlayer(playerName)[33m;[39m[0m

      at printWarning (node_modules/react-dom/cjs/react-dom.development.js:86:30)
      at error (node_modules/react-dom/cjs/react-dom.development.js:60:7)
      at warnIfUpdatesNotWrappedWithActDEV (node_modules/react-dom/cjs/react-dom.development.js:27628:9)
      at scheduleUpdateOnFiber (node_modules/react-dom/cjs/react-dom.development.js:25547:5)
      at dispatchSetState (node_modules/react-dom/cjs/react-dom.development.js:16708:7)
      at setError (app/page.tsx:57:7)
      at callTimer (node_modules/@sinonjs/fake-timers/src/fake-timers-src.js:806:24)
      at doTickInner (node_modules/@sinonjs/fake-timers/src/fake-timers-src.js:1413:29)
      at doTick (node_modules/@sinonjs/fake-timers/src/fake-timers-src.js:1494:20)
      at Object.tick (node_modules/@sinonjs/fake-timers/src/fake-timers-src.js:1502:20)
      at FakeTimers.advanceTimersByTime (node_modules/@jest/fake-timers/build/index.js:576:19)
      at Object.advanceTimersByTime (app/__tests__/page.test.tsx:235:12)

    console.error
      Warning: An update to Home inside a test was not wrapped in act(...).
      
      When testing, code that causes React state updates should be wrapped into act(...):
      
      act(() => {
        /* fire events that update state */
      });
      /* assert on the output */
      
      This ensures that you're testing the behavior the user would see in the browser. Learn more at https://reactjs.org/link/wrap-tests-with-act
          at Home (C:\Users\STEORA SYSTEMS\Downloads\scout-ai\frontend\app\page.tsx:19:51)

    [0m [90m 54 |[39m
     [90m 55 |[39m       [90m// Perform API search[39m
    [31m[1m>[22m[39m[90m 56 |[39m       setIsLoading([36mtrue[39m)[33m;[39m
     [90m    |[39m       [31m[1m^[22m[39m
     [90m 57 |[39m       setError([36mnull[39m)[33m;[39m
     [90m 58 |[39m       
     [90m 59 |[39m       [36mtry[39m {[0m

      at printWarning (node_modules/react-dom/cjs/react-dom.development.js:86:30)
      at error (node_modules/react-dom/cjs/react-dom.development.js:60:7)
      at warnIfUpdatesNotWrappedWithActDEV (node_modules/react-dom/cjs/react-dom.development.js:27628:9)
      at scheduleUpdateOnFiber (node_modules/react-dom/cjs/react-dom.development.js:25547:5)
      at dispatchSetState (node_modules/react-dom/cjs/react-dom.development.js:16708:7)
      at setIsLoading (app/page.tsx:56:7)
      at callTimer (node_modules/@sinonjs/fake-timers/src/fake-timers-src.js:806:24)
      at doTickInner (node_modules/@sinonjs/fake-timers/src/fake-timers-src.js:1413:29)
      at doTick (node_modules/@sinonjs/fake-timers/src/fake-timers-src.js:1494:20)
      at Object.tick (node_modules/@sinonjs/fake-timers/src/fake-timers-src.js:1502:20)
      at FakeTimers.advanceTimersByTime (node_modules/@jest/fake-timers/build/index.js:576:19)
      at Object.advanceTimersByTime (app/__tests__/page.test.tsx:258:12)

    console.error
      Warning: An update to Home inside a test was not wrapped in act(...).
      
      When testing, code that causes React state updates should be wrapped into act(...):
      
      act(() => {
        /* fire events that update state */
      });
      /* assert on the output */
      
      This ensures that you're testing the behavior the user would see in the browser. Learn more at https://reactjs.org/link/wrap-tests-with-act
          at Home (C:\Users\STEORA SYSTEMS\Downloads\scout-ai\frontend\app\page.tsx:19:51)

    [0m [90m 55 |[39m       [90m// Perform API search[39m
     [90m 56 |[39m       setIsLoading([36mtrue[39m)[33m;[39m
    [31m[1m>[22m[39m[90m 57 |[39m       setError([36mnull[39m)[33m;[39m
     [90m    |[39m       [31m[1m^[22m[39m
     [90m 58 |[39m       
     [90m 59 |[39m       [36mtry[39m {
     [90m 60 |[39m         [36mconst[39m result [33m=[39m [36mawait[39m searchPlayer(playerName)[33m;[39m[0m

      at printWarning (node_modules/react-dom/cjs/react-dom.development.js:86:30)
      at error (node_modules/react-dom/cjs/react-dom.development.js:60:7)
      at warnIfUpdatesNotWrappedWithActDEV (node_modules/react-dom/cjs/react-dom.development.js:27628:9)
      at scheduleUpdateOnFiber (node_modules/react-dom/cjs/react-dom.development.js:25547:5)
      at dispatchSetState (node_modules/react-dom/cjs/react-dom.development.js:16708:7)
      at setError (app/page.tsx:57:7)
      at callTimer (node_modules/@sinonjs/fake-timers/src/fake-timers-src.js:806:24)
      at doTickInner (node_modules/@sinonjs/fake-timers/src/fake-timers-src.js:1413:29)
      at doTick (node_modules/@sinonjs/fake-timers/src/fake-timers-src.js:1494:20)
      at Object.tick (node_modules/@sinonjs/fake-timers/src/fake-timers-src.js:1502:20)
      at FakeTimers.advanceTimersByTime (node_modules/@jest/fake-timers/build/index.js:576:19)
      at Object.advanceTimersByTime (app/__tests__/page.test.tsx:258:12)

    console.error
      Warning: An update to Home inside a test was not wrapped in act(...).
      
      When testing, code that causes React state updates should be wrapped into act(...):
      
      act(() => {
        /* fire events that update state */
      });
      /* assert on the output */
      
      This ensures that you're testing the behavior the user would see in the browser. Learn more at https://reactjs.org/link/wrap-tests-with-act
          at Home (C:\Users\STEORA SYSTEMS\Downloads\scout-ai\frontend\app\page.tsx:19:51)

    [0m [90m 54 |[39m
     [90m 55 |[39m       [90m// Perform API search[39m
    [31m[1m>[22m[39m[90m 56 |[39m       setIsLoading([36mtrue[39m)[33m;[39m
     [90m    |[39m       [31m[1m^[22m[39m
     [90m 57 |[39m       setError([36mnull[39m)[33m;[39m
     [90m 58 |[39m       
     [90m 59 |[39m       [36mtry[39m {[0m

      at printWarning (node_modules/react-dom/cjs/react-dom.development.js:86:30)
      at error (node_modules/react-dom/cjs/react-dom.development.js:60:7)
      at warnIfUpdatesNotWrappedWithActDEV (node_modules/react-dom/cjs/react-dom.development.js:27628:9)
      at scheduleUpdateOnFiber (node_modules/react-dom/cjs/react-dom.development.js:25547:5)
      at dispatchSetState (node_modules/react-dom/cjs/react-dom.development.js:16708:7)
      at setIsLoading (app/page.tsx:56:7)
      at callTimer (node_modules/@sinonjs/fake-timers/src/fake-timers-src.js:806:24)
      at doTickInner (node_modules/@sinonjs/fake-timers/src/fake-timers-src.js:1413:29)
      at doTick (node_modules/@sinonjs/fake-timers/src/fake-timers-src.js:1494:20)
      at Object.tick (node_modules/@sinonjs/fake-timers/src/fake-timers-src.js:1502:20)
      at FakeTimers.advanceTimersByTime (node_modules/@jest/fake-timers/build/index.js:576:19)
      at Object.advanceTimersByTime (app/__tests__/page.test.tsx:280:12)

    console.error
      Warning: An update to Home inside a test was not wrapped in act(...).
      
      When testing, code that causes React state updates should be wrapped into act(...):
      
      act(() => {
        /* fire events that update state */
      });
      /* assert on the output */
      
      This ensures that you're testing the behavior the user would see in the browser. Learn more at https://reactjs.org/link/wrap-tests-with-act
          at Home (C:\Users\STEORA SYSTEMS\Downloads\scout-ai\frontend\app\page.tsx:19:51)

    [0m [90m 55 |[39m       [90m// Perform API search[39m
     [90m 56 |[39m       setIsLoading([36mtrue[39m)[33m;[39m
    [31m[1m>[22m[39m[90m 57 |[39m       setError([36mnull[39m)[33m;[39m
     [90m    |[39m       [31m[1m^[22m[39m
     [90m 58 |[39m       
     [90m 59 |[39m       [36mtry[39m {
     [90m 60 |[39m         [36mconst[39m result [33m=[39m [36mawait[39m searchPlayer(playerName)[33m;[39m[0m

      at printWarning (node_modules/react-dom/cjs/react-dom.development.js:86:30)
      at error (node_modules/react-dom/cjs/react-dom.development.js:60:7)
      at warnIfUpdatesNotWrappedWithActDEV (node_modules/react-dom/cjs/react-dom.development.js:27628:9)
      at scheduleUpdateOnFiber (node_modules/react-dom/cjs/react-dom.development.js:25547:5)
      at dispatchSetState (node_modules/react-dom/cjs/react-dom.development.js:16708:7)
      at setError (app/page.tsx:57:7)
      at callTimer (node_modules/@sinonjs/fake-timers/src/fake-timers-src.js:806:24)
      at doTickInner (node_modules/@sinonjs/fake-timers/src/fake-timers-src.js:1413:29)
      at doTick (node_modules/@sinonjs/fake-timers/src/fake-timers-src.js:1494:20)
      at Object.tick (node_modules/@sinonjs/fake-timers/src/fake-timers-src.js:1502:20)
      at FakeTimers.advanceTimersByTime (node_modules/@jest/fake-timers/build/index.js:576:19)
      at Object.advanceTimersByTime (app/__tests__/page.test.tsx:280:12)

    console.error
      Warning: An update to Home inside a test was not wrapped in act(...).
      
      When testing, code that causes React state updates should be wrapped into act(...):
      
      act(() => {
        /* fire events that update state */
      });
      /* assert on the output */
      
      This ensures that you're testing the behavior the user would see in the browser. Learn more at https://reactjs.org/link/wrap-tests-with-act
          at Home (C:\Users\STEORA SYSTEMS\Downloads\scout-ai\frontend\app\page.tsx:19:51)

    [0m [90m 54 |[39m
     [90m 55 |[39m       [90m// Perform API search[39m
    [31m[1m>[22m[39m[90m 56 |[39m       setIsLoading([36mtrue[39m)[33m;[39m
     [90m    |[39m       [31m[1m^[22m[39m
     [90m 57 |[39m       setError([36mnull[39m)[33m;[39m
     [90m 58 |[39m       
     [90m 59 |[39m       [36mtry[39m {[0m

      at printWarning (node_modules/react-dom/cjs/react-dom.development.js:86:30)
      at error (node_modules/react-dom/cjs/react-dom.development.js:60:7)
      at warnIfUpdatesNotWrappedWithActDEV (node_modules/react-dom/cjs/react-dom.development.js:27628:9)
      at scheduleUpdateOnFiber (node_modules/react-dom/cjs/react-dom.development.js:25547:5)
      at dispatchSetState (node_modules/react-dom/cjs/react-dom.development.js:16708:7)
      at setIsLoading (app/page.tsx:56:7)
      at callTimer (node_modules/@sinonjs/fake-timers/src/fake-timers-src.js:806:24)
      at doTickInner (node_modules/@sinonjs/fake-timers/src/fake-timers-src.js:1413:29)
      at doTick (node_modules/@sinonjs/fake-timers/src/fake-timers-src.js:1494:20)
      at Object.tick (node_modules/@sinonjs/fake-timers/src/fake-timers-src.js:1502:20)
      at FakeTimers.advanceTimersByTime (node_modules/@jest/fake-timers/build/index.js:576:19)
      at Object.advanceTimersByTime (app/__tests__/page.test.tsx:300:12)

    console.error
      Warning: An update to Home inside a test was not wrapped in act(...).
      
      When testing, code that causes React state updates should be wrapped into act(...):
      
      act(() => {
        /* fire events that update state */
      });
      /* assert on the output */
      
      This ensures that you're testing the behavior the user would see in the browser. Learn more at https://reactjs.org/link/wrap-tests-with-act
          at Home (C:\Users\STEORA SYSTEMS\Downloads\scout-ai\frontend\app\page.tsx:19:51)

    [0m [90m 55 |[39m       [90m// Perform API search[39m
     [90m 56 |[39m       setIsLoading([36mtrue[39m)[33m;[39m
    [31m[1m>[22m[39m[90m 57 |[39m       setError([36mnull[39m)[33m;[39m
     [90m    |[39m       [31m[1m^[22m[39m
     [90m 58 |[39m       
     [90m 59 |[39m       [36mtry[39m {
     [90m 60 |[39m         [36mconst[39m result [33m=[39m [36mawait[39m searchPlayer(playerName)[33m;[39m[0m

      at printWarning (node_modules/react-dom/cjs/react-dom.development.js:86:30)
      at error (node_modules/react-dom/cjs/react-dom.development.js:60:7)
      at warnIfUpdatesNotWrappedWithActDEV (node_modules/react-dom/cjs/react-dom.development.js:27628:9)
      at scheduleUpdateOnFiber (node_modules/react-dom/cjs/react-dom.development.js:25547:5)
      at dispatchSetState (node_modules/react-dom/cjs/react-dom.development.js:16708:7)
      at setError (app/page.tsx:57:7)
      at callTimer (node_modules/@sinonjs/fake-timers/src/fake-timers-src.js:806:24)
      at doTickInner (node_modules/@sinonjs/fake-timers/src/fake-timers-src.js:1413:29)
      at doTick (node_modules/@sinonjs/fake-timers/src/fake-timers-src.js:1494:20)
      at Object.tick (node_modules/@sinonjs/fake-timers/src/fake-timers-src.js:1502:20)
      at FakeTimers.advanceTimersByTime (node_modules/@jest/fake-timers/build/index.js:576:19)
      at Object.advanceTimersByTime (app/__tests__/page.test.tsx:300:12)

    console.error
      Warning: An update to Home inside a test was not wrapped in act(...).
      
      When testing, code that causes React state updates should be wrapped into act(...):
      
      act(() => {
        /* fire events that update state */
      });
      /* assert on the output */
      
      This ensures that you're testing the behavior the user would see in the browser. Learn more at https://reactjs.org/link/wrap-tests-with-act
          at Home (C:\Users\STEORA SYSTEMS\Downloads\scout-ai\frontend\app\page.tsx:19:51)

    [0m [90m 54 |[39m
     [90m 55 |[39m       [90m// Perform API search[39m
    [31m[1m>[22m[39m[90m 56 |[39m       setIsLoading([36mtrue[39m)[33m;[39m
     [90m    |[39m       [31m[1m^[22m[39m
     [90m 57 |[39m       setError([36mnull[39m)[33m;[39m
     [90m 58 |[39m       
     [90m 59 |[39m       [36mtry[39m {[0m

      at printWarning (node_modules/react-dom/cjs/react-dom.development.js:86:30)
      at error (node_modules/react-dom/cjs/react-dom.development.js:60:7)
      at warnIfUpdatesNotWrappedWithActDEV (node_modules/react-dom/cjs/react-dom.development.js:27628:9)
      at scheduleUpdateOnFiber (node_modules/react-dom/cjs/react-dom.development.js:25547:5)
      at dispatchSetState (node_modules/react-dom/cjs/react-dom.development.js:16708:7)
      at setIsLoading (app/page.tsx:56:7)
      at callTimer (node_modules/@sinonjs/fake-timers/src/fake-timers-src.js:806:24)
      at doTickInner (node_modules/@sinonjs/fake-timers/src/fake-timers-src.js:1413:29)
      at doTick (node_modules/@sinonjs/fake-timers/src/fake-timers-src.js:1494:20)
      at Object.tick (node_modules/@sinonjs/fake-timers/src/fake-timers-src.js:1502:20)
      at FakeTimers.advanceTimersByTime (node_modules/@jest/fake-timers/build/index.js:576:19)
      at Object.advanceTimersByTime (app/__tests__/page.test.tsx:323:12)

    console.error
      Warning: An update to Home inside a test was not wrapped in act(...).
      
      When testing, code that causes React state updates should be wrapped into act(...):
      
      act(() => {
        /* fire events that update state */
      });
      /* assert on the output */
      
      This ensures that you're testing the behavior the user would see in the browser. Learn more at https://reactjs.org/link/wrap-tests-with-act
          at Home (C:\Users\STEORA SYSTEMS\Downloads\scout-ai\frontend\app\page.tsx:19:51)

    [0m [90m 55 |[39m       [90m// Perform API search[39m
     [90m 56 |[39m       setIsLoading([36mtrue[39m)[33m;[39m
    [31m[1m>[22m[39m[90m 57 |[39m       setError([36mnull[39m)[33m;[39m
     [90m    |[39m       [31m[1m^[22m[39m
     [90m 58 |[39m       
     [90m 59 |[39m       [36mtry[39m {
     [90m 60 |[39m         [36mconst[39m result [33m=[39m [36mawait[39m searchPlayer(playerName)[33m;[39m[0m

      at printWarning (node_modules/react-dom/cjs/react-dom.development.js:86:30)
      at error (node_modules/react-dom/cjs/react-dom.development.js:60:7)
      at warnIfUpdatesNotWrappedWithActDEV (node_modules/react-dom/cjs/react-dom.development.js:27628:9)
      at scheduleUpdateOnFiber (node_modules/react-dom/cjs/react-dom.development.js:25547:5)
      at dispatchSetState (node_modules/react-dom/cjs/react-dom.development.js:16708:7)
      at setError (app/page.tsx:57:7)
      at callTimer (node_modules/@sinonjs/fake-timers/src/fake-timers-src.js:806:24)
      at doTickInner (node_modules/@sinonjs/fake-timers/src/fake-timers-src.js:1413:29)
      at doTick (node_modules/@sinonjs/fake-timers/src/fake-timers-src.js:1494:20)
      at Object.tick (node_modules/@sinonjs/fake-timers/src/fake-timers-src.js:1502:20)
      at FakeTimers.advanceTimersByTime (node_modules/@jest/fake-timers/build/index.js:576:19)
      at Object.advanceTimersByTime (app/__tests__/page.test.tsx:323:12)

    console.error
      Warning: An update to Home inside a test was not wrapped in act(...).
      
      When testing, code that causes React state updates should be wrapped into act(...):
      
      act(() => {
        /* fire events that update state */
      });
      /* assert on the output */
      
      This ensures that you're testing the behavior the user would see in the browser. Learn more at https://reactjs.org/link/wrap-tests-with-act
          at Home (C:\Users\STEORA SYSTEMS\Downloads\scout-ai\frontend\app\page.tsx:19:51)

    [0m [90m 54 |[39m
     [90m 55 |[39m       [90m// Perform API search[39m
    [31m[1m>[22m[39m[90m 56 |[39m       setIsLoading([36mtrue[39m)[33m;[39m
     [90m    |[39m       [31m[1m^[22m[39m
     [90m 57 |[39m       setError([36mnull[39m)[33m;[39m
     [90m 58 |[39m       
     [90m 59 |[39m       [36mtry[39m {[0m

      at printWarning (node_modules/react-dom/cjs/react-dom.development.js:86:30)
      at error (node_modules/react-dom/cjs/react-dom.development.js:60:7)
      at warnIfUpdatesNotWrappedWithActDEV (node_modules/react-dom/cjs/react-dom.development.js:27628:9)
      at scheduleUpdateOnFiber (node_modules/react-dom/cjs/react-dom.development.js:25547:5)
      at dispatchSetState (node_modules/react-dom/cjs/react-dom.development.js:16708:7)
      at setIsLoading (app/page.tsx:56:7)
      at callTimer (node_modules/@sinonjs/fake-timers/src/fake-timers-src.js:806:24)
      at doTickInner (node_modules/@sinonjs/fake-timers/src/fake-timers-src.js:1413:29)
      at doTick (node_modules/@sinonjs/fake-timers/src/fake-timers-src.js:1494:20)
      at Object.tick (node_modules/@sinonjs/fake-timers/src/fake-timers-src.js:1502:20)
      at FakeTimers.advanceTimersByTime (node_modules/@jest/fake-timers/build/index.js:576:19)
      at Object.advanceTimersByTime (app/__tests__/page.test.tsx:367:12)

    console.error
      Warning: An update to Home inside a test was not wrapped in act(...).
      
      When testing, code that causes React state updates should be wrapped into act(...):
      
      act(() => {
        /* fire events that update state */
      });
      /* assert on the output */
      
      This ensures that you're testing the behavior the user would see in the browser. Learn more at https://reactjs.org/link/wrap-tests-with-act
          at Home (C:\Users\STEORA SYSTEMS\Downloads\scout-ai\frontend\app\page.tsx:19:51)

    [0m [90m 55 |[39m       [90m// Perform API search[39m
     [90m 56 |[39m       setIsLoading([36mtrue[39m)[33m;[39m
    [31m[1m>[22m[39m[90m 57 |[39m       setError([36mnull[39m)[33m;[39m
     [90m    |[39m       [31m[1m^[22m[39m
     [90m 58 |[39m       
     [90m 59 |[39m       [36mtry[39m {
     [90m 60 |[39m         [36mconst[39m result [33m=[39m [36mawait[39m searchPlayer(playerName)[33m;[39m[0m

      at printWarning (node_modules/react-dom/cjs/react-dom.development.js:86:30)
      at error (node_modules/react-dom/cjs/react-dom.development.js:60:7)
      at warnIfUpdatesNotWrappedWithActDEV (node_modules/react-dom/cjs/react-dom.development.js:27628:9)
      at scheduleUpdateOnFiber (node_modules/react-dom/cjs/react-dom.development.js:25547:5)
      at dispatchSetState (node_modules/react-dom/cjs/react-dom.development.js:16708:7)
      at setError (app/page.tsx:57:7)
      at callTimer (node_modules/@sinonjs/fake-timers/src/fake-timers-src.js:806:24)
      at doTickInner (node_modules/@sinonjs/fake-timers/src/fake-timers-src.js:1413:29)
      at doTick (node_modules/@sinonjs/fake-timers/src/fake-timers-src.js:1494:20)
      at Object.tick (node_modules/@sinonjs/fake-timers/src/fake-timers-src.js:1502:20)
      at FakeTimers.advanceTimersByTime (node_modules/@jest/fake-timers/build/index.js:576:19)
      at Object.advanceTimersByTime (app/__tests__/page.test.tsx:367:12)

    console.error
      Warning: An update to Home inside a test was not wrapped in act(...).
      
      When testing, code that causes React state updates should be wrapped into act(...):
      
      act(() => {
        /* fire events that update state */
      });
      /* assert on the output */
      
      This ensures that you're testing the behavior the user would see in the browser. Learn more at https://reactjs.org/link/wrap-tests-with-act
          at Home (C:\Users\STEORA SYSTEMS\Downloads\scout-ai\frontend\app\page.tsx:19:51)

    [0m [90m 54 |[39m
     [90m 55 |[39m       [90m// Perform API search[39m
    [31m[1m>[22m[39m[90m 56 |[39m       setIsLoading([36mtrue[39m)[33m;[39m
     [90m    |[39m       [31m[1m^[22m[39m
     [90m 57 |[39m       setError([36mnull[39m)[33m;[39m
     [90m 58 |[39m       
     [90m 59 |[39m       [36mtry[39m {[0m

      at printWarning (node_modules/react-dom/cjs/react-dom.development.js:86:30)
      at error (node_modules/react-dom/cjs/react-dom.development.js:60:7)
      at warnIfUpdatesNotWrappedWithActDEV (node_modules/react-dom/cjs/react-dom.development.js:27628:9)
      at scheduleUpdateOnFiber (node_modules/react-dom/cjs/react-dom.development.js:25547:5)
      at dispatchSetState (node_modules/react-dom/cjs/react-dom.development.js:16708:7)
      at setIsLoading (app/page.tsx:56:7)
      at callTimer (node_modules/@sinonjs/fake-timers/src/fake-timers-src.js:806:24)
      at doTickInner (node_modules/@sinonjs/fake-timers/src/fake-timers-src.js:1413:29)
      at doTick (node_modules/@sinonjs/fake-timers/src/fake-timers-src.js:1494:20)
      at Object.tick (node_modules/@sinonjs/fake-timers/src/fake-timers-src.js:1502:20)
      at FakeTimers.advanceTimersByTime (node_modules/@jest/fake-timers/build/index.js:576:19)
      at Object.advanceTimersByTime (app/__tests__/page.test.tsx:391:12)

    console.error
      Warning: An update to Home inside a test was not wrapped in act(...).
      
      When testing, code that causes React state updates should be wrapped into act(...):
      
      act(() => {
        /* fire events that update state */
      });
      /* assert on the output */
      
      This ensures that you're testing the behavior the user would see in the browser. Learn more at https://reactjs.org/link/wrap-tests-with-act
          at Home (C:\Users\STEORA SYSTEMS\Downloads\scout-ai\frontend\app\page.tsx:19:51)

    [0m [90m 55 |[39m       [90m// Perform API search[39m
     [90m 56 |[39m       setIsLoading([36mtrue[39m)[33m;[39m
    [31m[1m>[22m[39m[90m 57 |[39m       setError([36mnull[39m)[33m;[39m
     [90m    |[39m       [31m[1m^[22m[39m
     [90m 58 |[39m       
     [90m 59 |[39m       [36mtry[39m {
     [90m 60 |[39m         [36mconst[39m result [33m=[39m [36mawait[39m searchPlayer(playerName)[33m;[39m[0m

      at printWarning (node_modules/react-dom/cjs/react-dom.development.js:86:30)
      at error (node_modules/react-dom/cjs/react-dom.development.js:60:7)
      at warnIfUpdatesNotWrappedWithActDEV (node_modules/react-dom/cjs/react-dom.development.js:27628:9)
      at scheduleUpdateOnFiber (node_modules/react-dom/cjs/react-dom.development.js:25547:5)
      at dispatchSetState (node_modules/react-dom/cjs/react-dom.development.js:16708:7)
      at setError (app/page.tsx:57:7)
      at callTimer (node_modules/@sinonjs/fake-timers/src/fake-timers-src.js:806:24)
      at doTickInner (node_modules/@sinonjs/fake-timers/src/fake-timers-src.js:1413:29)
      at doTick (node_modules/@sinonjs/fake-timers/src/fake-timers-src.js:1494:20)
      at Object.tick (node_modules/@sinonjs/fake-timers/src/fake-timers-src.js:1502:20)
      at FakeTimers.advanceTimersByTime (node_modules/@jest/fake-timers/build/index.js:576:19)
      at Object.advanceTimersByTime (app/__tests__/page.test.tsx:391:12)

    console.error
      Warning: An update to Home inside a test was not wrapped in act(...).
      
      When testing, code that causes React state updates should be wrapped into act(...):
      
      act(() => {
        /* fire events that update state */
      });
      /* assert on the output */
      
      This ensures that you're testing the behavior the user would see in the browser. Learn more at https://reactjs.org/link/wrap-tests-with-act
          at Home (C:\Users\STEORA SYSTEMS\Downloads\scout-ai\frontend\app\page.tsx:19:51)

    [0m [90m 54 |[39m
     [90m 55 |[39m       [90m// Perform API search[39m
    [31m[1m>[22m[39m[90m 56 |[39m       setIsLoading([36mtrue[39m)[33m;[39m
     [90m    |[39m       [31m[1m^[22m[39m
     [90m 57 |[39m       setError([36mnull[39m)[33m;[39m
     [90m 58 |[39m       
     [90m 59 |[39m       [36mtry[39m {[0m

      at printWarning (node_modules/react-dom/cjs/react-dom.development.js:86:30)
      at error (node_modules/react-dom/cjs/react-dom.development.js:60:7)
      at warnIfUpdatesNotWrappedWithActDEV (node_modules/react-dom/cjs/react-dom.development.js:27628:9)
      at scheduleUpdateOnFiber (node_modules/react-dom/cjs/react-dom.development.js:25547:5)
      at dispatchSetState (node_modules/react-dom/cjs/react-dom.development.js:16708:7)
      at setIsLoading (app/page.tsx:56:7)
      at callTimer (node_modules/@sinonjs/fake-timers/src/fake-timers-src.js:806:24)
      at doTickInner (node_modules/@sinonjs/fake-timers/src/fake-timers-src.js:1413:29)
      at doTick (node_modules/@sinonjs/fake-timers/src/fake-timers-src.js:1494:20)
      at Object.tick (node_modules/@sinonjs/fake-timers/src/fake-timers-src.js:1502:20)
      at FakeTimers.advanceTimersByTime (node_modules/@jest/fake-timers/build/index.js:576:19)
      at Object.advanceTimersByTime (app/__tests__/page.test.tsx:424:12)

    console.error
      Warning: An update to Home inside a test was not wrapped in act(...).
      
      When testing, code that causes React state updates should be wrapped into act(...):
      
      act(() => {
        /* fire events that update state */
      });
      /* assert on the output */
      
      This ensures that you're testing the behavior the user would see in the browser. Learn more at https://reactjs.org/link/wrap-tests-with-act
          at Home (C:\Users\STEORA SYSTEMS\Downloads\scout-ai\frontend\app\page.tsx:19:51)

    [0m [90m 55 |[39m       [90m// Perform API search[39m
     [90m 56 |[39m       setIsLoading([36mtrue[39m)[33m;[39m
    [31m[1m>[22m[39m[90m 57 |[39m       setError([36mnull[39m)[33m;[39m
     [90m    |[39m       [31m[1m^[22m[39m
     [90m 58 |[39m       
     [90m 59 |[39m       [36mtry[39m {
     [90m 60 |[39m         [36mconst[39m result [33m=[39m [36mawait[39m searchPlayer(playerName)[33m;[39m[0m

      at printWarning (node_modules/react-dom/cjs/react-dom.development.js:86:30)
      at error (node_modules/react-dom/cjs/react-dom.development.js:60:7)
      at warnIfUpdatesNotWrappedWithActDEV (node_modules/react-dom/cjs/react-dom.development.js:27628:9)
      at scheduleUpdateOnFiber (node_modules/react-dom/cjs/react-dom.development.js:25547:5)
      at dispatchSetState (node_modules/react-dom/cjs/react-dom.development.js:16708:7)
      at setError (app/page.tsx:57:7)
      at callTimer (node_modules/@sinonjs/fake-timers/src/fake-timers-src.js:806:24)
      at doTickInner (node_modules/@sinonjs/fake-timers/src/fake-timers-src.js:1413:29)
      at doTick (node_modules/@sinonjs/fake-timers/src/fake-timers-src.js:1494:20)
      at Object.tick (node_modules/@sinonjs/fake-timers/src/fake-timers-src.js:1502:20)
      at FakeTimers.advanceTimersByTime (node_modules/@jest/fake-timers/build/index.js:576:19)
      at Object.advanceTimersByTime (app/__tests__/page.test.tsx:424:12)

    console.error
      Warning: An update to Home inside a test was not wrapped in act(...).
      
      When testing, code that causes React state updates should be wrapped into act(...):
      
      act(() => {
        /* fire events that update state */
      });
      /* assert on the output */
      
      This ensures that you're testing the behavior the user would see in the browser. Learn more at https://reactjs.org/link/wrap-tests-with-act
          at Home (C:\Users\STEORA SYSTEMS\Downloads\scout-ai\frontend\app\page.tsx:19:51)

    [0m [90m 54 |[39m
     [90m 55 |[39m       [90m// Perform API search[39m
    [31m[1m>[22m[39m[90m 56 |[39m       setIsLoading([36mtrue[39m)[33m;[39m
     [90m    |[39m       [31m[1m^[22m[39m
     [90m 57 |[39m       setError([36mnull[39m)[33m;[39m
     [90m 58 |[39m       
     [90m 59 |[39m       [36mtry[39m {[0m

      at printWarning (node_modules/react-dom/cjs/react-dom.development.js:86:30)
      at error (node_modules/react-dom/cjs/react-dom.development.js:60:7)
      at warnIfUpdatesNotWrappedWithActDEV (node_modules/react-dom/cjs/react-dom.development.js:27628:9)
      at scheduleUpdateOnFiber (node_modules/react-dom/cjs/react-dom.development.js:25547:5)
      at dispatchSetState (node_modules/react-dom/cjs/react-dom.development.js:16708:7)
      at setIsLoading (app/page.tsx:56:7)
      at callTimer (node_modules/@sinonjs/fake-timers/src/fake-timers-src.js:806:24)
      at doTickInner (node_modules/@sinonjs/fake-timers/src/fake-timers-src.js:1413:29)
      at doTick (node_modules/@sinonjs/fake-timers/src/fake-timers-src.js:1494:20)
      at Object.tick (node_modules/@sinonjs/fake-timers/src/fake-timers-src.js:1502:20)
      at FakeTimers.advanceTimersByTime (node_modules/@jest/fake-timers/build/index.js:576:19)
      at Object.advanceTimersByTime (app/__tests__/page.test.tsx:464:12)

    console.error
      Warning: An update to Home inside a test was not wrapped in act(...).
      
      When testing, code that causes React state updates should be wrapped into act(...):
      
      act(() => {
        /* fire events that update state */
      });
      /* assert on the output */
      
      This ensures that you're testing the behavior the user would see in the browser. Learn more at https://reactjs.org/link/wrap-tests-with-act
          at Home (C:\Users\STEORA SYSTEMS\Downloads\scout-ai\frontend\app\page.tsx:19:51)

    [0m [90m 55 |[39m       [90m// Perform API search[39m
     [90m 56 |[39m       setIsLoading([36mtrue[39m)[33m;[39m
    [31m[1m>[22m[39m[90m 57 |[39m       setError([36mnull[39m)[33m;[39m
     [90m    |[39m       [31m[1m^[22m[39m
     [90m 58 |[39m       
     [90m 59 |[39m       [36mtry[39m {
     [90m 60 |[39m         [36mconst[39m result [33m=[39m [36mawait[39m searchPlayer(playerName)[33m;[39m[0m

      at printWarning (node_modules/react-dom/cjs/react-dom.development.js:86:30)
      at error (node_modules/react-dom/cjs/react-dom.development.js:60:7)
      at warnIfUpdatesNotWrappedWithActDEV (node_modules/react-dom/cjs/react-dom.development.js:27628:9)
      at scheduleUpdateOnFiber (node_modules/react-dom/cjs/react-dom.development.js:25547:5)
      at dispatchSetState (node_modules/react-dom/cjs/react-dom.development.js:16708:7)
      at setError (app/page.tsx:57:7)
      at callTimer (node_modules/@sinonjs/fake-timers/src/fake-timers-src.js:806:24)
      at doTickInner (node_modules/@sinonjs/fake-timers/src/fake-timers-src.js:1413:29)
      at doTick (node_modules/@sinonjs/fake-timers/src/fake-timers-src.js:1494:20)
      at Object.tick (node_modules/@sinonjs/fake-timers/src/fake-timers-src.js:1502:20)
      at FakeTimers.advanceTimersByTime (node_modules/@jest/fake-timers/build/index.js:576:19)
      at Object.advanceTimersByTime (app/__tests__/page.test.tsx:464:12)

    console.error
      Warning: An update to Home inside a test was not wrapped in act(...).
      
      When testing, code that causes React state updates should be wrapped into act(...):
      
      act(() => {
        /* fire events that update state */
      });
      /* assert on the output */
      
      This ensures that you're testing the behavior the user would see in the browser. Learn more at https://reactjs.org/link/wrap-tests-with-act
          at Home (C:\Users\STEORA SYSTEMS\Downloads\scout-ai\frontend\app\page.tsx:19:51)

    [0m [90m 54 |[39m
     [90m 55 |[39m       [90m// Perform API search[39m
    [31m[1m>[22m[39m[90m 56 |[39m       setIsLoading([36mtrue[39m)[33m;[39m
     [90m    |[39m       [31m[1m^[22m[39m
     [90m 57 |[39m       setError([36mnull[39m)[33m;[39m
     [90m 58 |[39m       
     [90m 59 |[39m       [36mtry[39m {[0m

      at printWarning (node_modules/react-dom/cjs/react-dom.development.js:86:30)
      at error (node_modules/react-dom/cjs/react-dom.development.js:60:7)
      at warnIfUpdatesNotWrappedWithActDEV (node_modules/react-dom/cjs/react-dom.development.js:27628:9)
      at scheduleUpdateOnFiber (node_modules/react-dom/cjs/react-dom.development.js:25547:5)
      at dispatchSetState (node_modules/react-dom/cjs/react-dom.development.js:16708:7)
      at setIsLoading (app/page.tsx:56:7)
      at callTimer (node_modules/@sinonjs/fake-timers/src/fake-timers-src.js:806:24)
      at doTickInner (node_modules/@sinonjs/fake-timers/src/fake-timers-src.js:1413:29)
      at doTick (node_modules/@sinonjs/fake-timers/src/fake-timers-src.js:1494:20)
      at Object.tick (node_modules/@sinonjs/fake-timers/src/fake-timers-src.js:1502:20)
      at FakeTimers.advanceTimersByTime (node_modules/@jest/fake-timers/build/index.js:576:19)
      at Object.advanceTimersByTime (app/__tests__/page.test.tsx:529:12)

    console.error
      Warning: An update to Home inside a test was not wrapped in act(...).
      
      When testing, code that causes React state updates should be wrapped into act(...):
      
      act(() => {
        /* fire events that update state */
      });
      /* assert on the output */
      
      This ensures that you're testing the behavior the user would see in the browser. Learn more at https://reactjs.org/link/wrap-tests-with-act
          at Home (C:\Users\STEORA SYSTEMS\Downloads\scout-ai\frontend\app\page.tsx:19:51)

    [0m [90m 55 |[39m       [90m// Perform API search[39m
     [90m 56 |[39m       setIsLoading([36mtrue[39m)[33m;[39m
    [31m[1m>[22m[39m[90m 57 |[39m       setError([36mnull[39m)[33m;[39m
     [90m    |[39m       [31m[1m^[22m[39m
     [90m 58 |[39m       
     [90m 59 |[39m       [36mtry[39m {
     [90m 60 |[39m         [36mconst[39m result [33m=[39m [36mawait[39m searchPlayer(playerName)[33m;[39m[0m

      at printWarning (node_modules/react-dom/cjs/react-dom.development.js:86:30)
      at error (node_modules/react-dom/cjs/react-dom.development.js:60:7)
      at warnIfUpdatesNotWrappedWithActDEV (node_modules/react-dom/cjs/react-dom.development.js:27628:9)
      at scheduleUpdateOnFiber (node_modules/react-dom/cjs/react-dom.development.js:25547:5)
      at dispatchSetState (node_modules/react-dom/cjs/react-dom.development.js:16708:7)
      at setError (app/page.tsx:57:7)
      at callTimer (node_modules/@sinonjs/fake-timers/src/fake-timers-src.js:806:24)
      at doTickInner (node_modules/@sinonjs/fake-timers/src/fake-timers-src.js:1413:29)
      at doTick (node_modules/@sinonjs/fake-timers/src/fake-timers-src.js:1494:20)
      at Object.tick (node_modules/@sinonjs/fake-timers/src/fake-timers-src.js:1502:20)
      at FakeTimers.advanceTimersByTime (node_modules/@jest/fake-timers/build/index.js:576:19)
      at Object.advanceTimersByTime (app/__tests__/page.test.tsx:529:12)

    console.error
      Warning: An update to Home inside a test was not wrapped in act(...).
      
      When testing, code that causes React state updates should be wrapped into act(...):
      
      act(() => {
        /* fire events that update state */
      });
      /* assert on the output */
      
      This ensures that you're testing the behavior the user would see in the browser. Learn more at https://reactjs.org/link/wrap-tests-with-act
          at Home (C:\Users\STEORA SYSTEMS\Downloads\scout-ai\frontend\app\page.tsx:19:51)

    [0m [90m 54 |[39m
     [90m 55 |[39m       [90m// Perform API search[39m
    [31m[1m>[22m[39m[90m 56 |[39m       setIsLoading([36mtrue[39m)[33m;[39m
     [90m    |[39m       [31m[1m^[22m[39m
     [90m 57 |[39m       setError([36mnull[39m)[33m;[39m
     [90m 58 |[39m       
     [90m 59 |[39m       [36mtry[39m {[0m

      at printWarning (node_modules/react-dom/cjs/react-dom.development.js:86:30)
      at error (node_modules/react-dom/cjs/react-dom.development.js:60:7)
      at warnIfUpdatesNotWrappedWithActDEV (node_modules/react-dom/cjs/react-dom.development.js:27628:9)
      at scheduleUpdateOnFiber (node_modules/react-dom/cjs/react-dom.development.js:25547:5)
      at dispatchSetState (node_modules/react-dom/cjs/react-dom.development.js:16708:7)
      at setIsLoading (app/page.tsx:56:7)
      at callTimer (node_modules/@sinonjs/fake-timers/src/fake-timers-src.js:806:24)
      at doTickInner (node_modules/@sinonjs/fake-timers/src/fake-timers-src.js:1413:29)
      at doTick (node_modules/@sinonjs/fake-timers/src/fake-timers-src.js:1494:20)
      at Object.tick (node_modules/@sinonjs/fake-timers/src/fake-timers-src.js:1502:20)
      at FakeTimers.advanceTimersByTime (node_modules/@jest/fake-timers/build/index.js:576:19)
      at Object.advanceTimersByTime (app/__tests__/page.test.tsx:547:12)

    console.error
      Warning: An update to Home inside a test was not wrapped in act(...).
      
      When testing, code that causes React state updates should be wrapped into act(...):
      
      act(() => {
        /* fire events that update state */
      });
      /* assert on the output */
      
      This ensures that you're testing the behavior the user would see in the browser. Learn more at https://reactjs.org/link/wrap-tests-with-act
          at Home (C:\Users\STEORA SYSTEMS\Downloads\scout-ai\frontend\app\page.tsx:19:51)

    [0m [90m 55 |[39m       [90m// Perform API search[39m
     [90m 56 |[39m       setIsLoading([36mtrue[39m)[33m;[39m
    [31m[1m>[22m[39m[90m 57 |[39m       setError([36mnull[39m)[33m;[39m
     [90m    |[39m       [31m[1m^[22m[39m
     [90m 58 |[39m       
     [90m 59 |[39m       [36mtry[39m {
     [90m 60 |[39m         [36mconst[39m result [33m=[39m [36mawait[39m searchPlayer(playerName)[33m;[39m[0m

      at printWarning (node_modules/react-dom/cjs/react-dom.development.js:86:30)
      at error (node_modules/react-dom/cjs/react-dom.development.js:60:7)
      at warnIfUpdatesNotWrappedWithActDEV (node_modules/react-dom/cjs/react-dom.development.js:27628:9)
      at scheduleUpdateOnFiber (node_modules/react-dom/cjs/react-dom.development.js:25547:5)
      at dispatchSetState (node_modules/react-dom/cjs/react-dom.development.js:16708:7)
      at setError (app/page.tsx:57:7)
      at callTimer (node_modules/@sinonjs/fake-timers/src/fake-timers-src.js:806:24)
      at doTickInner (node_modules/@sinonjs/fake-timers/src/fake-timers-src.js:1413:29)
      at doTick (node_modules/@sinonjs/fake-timers/src/fake-timers-src.js:1494:20)
      at Object.tick (node_modules/@sinonjs/fake-timers/src/fake-timers-src.js:1502:20)
      at FakeTimers.advanceTimersByTime (node_modules/@jest/fake-timers/build/index.js:576:19)
      at Object.advanceTimersByTime (app/__tests__/page.test.tsx:547:12)

  ΓùÅ Home Page Integration Tests ΓÇ║ Error Handling Scenarios ΓÇ║ should display error message when player is not found (404)

    Unable to find an element with the text: /error/i. This could be because the text is broken up by multiple elements. In this case, you can provide a function for your text matcher to make your matcher more flexible.

    Ignored nodes: comments, script, style
    [36m<body>[39m
      [36m<div>[39m
        [36m<div[39m
          [33mclass[39m=[32m"min-h-screen bg-cyber-black text-cyber-green font-mono"[39m
        [36m>[39m
          [36m<header[39m
            [33mclass[39m=[32m"border-b-2 border-cyber-green py-6 shadow-neon-green-sm"[39m
          [36m>[39m
            [36m<div[39m
              [33mclass[39m=[32m"container mx-auto px-4"[39m
            [36m>[39m
              [36m<h1[39m
                [33mclass[39m=[32m"text-4xl md:text-5xl font-bold text-center text-cyber-green-light tracking-wider"[39m
              [36m>[39m
                [0mΓÜ╜ SCOUT AI: HIDDEN GEMS[0m
              [36m</h1>[39m
              [36m<p[39m
                [33mclass[39m=[32m"text-center text-cyber-green mt-2 tracking-wide"[39m
              [36m>[39m
                [0m&gt; Discover undervalued players similar to your favorite stars_[0m
              [36m</p>[39m
            [36m</div>[39m
          [36m</header>[39m
          [36m<div[39m
            [33mclass[39m=[32m"w-full max-w-4xl mx-auto p-8"[39m
          [36m>[39m
            [36m<form[39m
              [33mclass[39m=[32m"relative"[39m
            [36m>[39m
              [36m<div[39m
                [33mclass[39m=[32m"flex items-center gap-4"[39m
              [36m>[39m
                [36m<div[39m
                  [33mclass[39m=[32m"flex-shrink-0"[39m
                [36m>[39m
                  [36m<svg[39m
                    [33mclass[39m=[32m"w-8 h-8 text-cyber-green-light animate-pulse"[39m
                    [33mfill[39m=[32m"none"[39m
                    [33mstroke[39m=[32m"currentColor"[39m
                    [33mviewBox[39m=[32m"0 0 24 24"[39m
                    [33mxmlns[39m=[32m"http://www.w3.org/2000/svg"[39m
                  [36m>[39m
                    [36m<path[39m
                      [33md[39m=[32m"M21 21l-6-6m2-5a7 7 0 11-14 0 7 7 0 0114 0z"[39m
                      [33mstroke-linecap[39m=[32m"round"[39m
                      [33mstroke-linejoin[39m=[32m"round"[39m
                      [33mstroke-width[39m=[32m"2"[39m
                    [36m/>[39m
                  [36m</svg>[39m
                [36m</div>[39m
                [36m<input[39m
                  [33maria-label[39m=[32m"Player name search"[39m
                  [33mclass[39m=[32m"flex-1 px-6 py-4 text-2xl bg-cyber-black text-cyber-green border-2 border-cyber-green rounded-lg focus:outline-none focus:ring-2 focus:ring-cyber-green-light focus:border-transparent focus:shadow-neon-green-sm placeholder-cyber-gray disabled:opacity-50 
disabled:cursor-not-allowed transition-all tracking-wide"[39m
                  [33mplaceholder[39m=[32m"> Enter player name (e.g., Kylian Mbappe)_"[39m
                  [33mtype[39m=[32m"text"[39m
                  [33mvalue[39m=[32m"Unknown Player"[39m
                [36m/>[39m
                [36m<button[39m
                  [33mclass[39m=[32m"px-8 py-4 text-xl font-bold bg-cyber-green text-cyber-black rounded-lg hover:bg-cyber-green-light focus:outline-none focus:ring-2 focus:ring-cyber-green-light disabled:opacity-50 disabled:cursor-not-allowed transition-all hover:shadow-neon-green 
tracking-wider"[39m
                  [33mtype[39m=[32m"submit"[39m
                [36m>[39m
                  [0m[ SEARCH ][0m
                [36m</button>[39m
              [36m</div>[39m
            [36m</form>[39m
          [36m</div>[39m
          [36m<footer[39m
            [33mclass[39m=[32m"border-t-2 border-cyber-green mt-16 py-6 shadow-neon-green-sm"[39m
          [36m>[39m
            [36m<div[39m
              [33mclass[39m=[32m"container mx-auto px-4 text-center text-cyber-green text-sm tracking-wider"[39m
            [36m>[39m
              [36m<p>[39m
                [0m&gt; SCOUT AI HIDDEN GEMS - Powered by FC 24 Data & Machine Learning_[0m
              [36m</p>[39m
            [36m</div>[39m
          [36m</footer>[39m
        [36m</div>[39m
      [36m</div>[39m
    [36m</body>[39m

    [0m [90m 259 |[39m
     [90m 260 |[39m       [90m// Wait for error to appear[39m
    [31m[1m>[22m[39m[90m 261 |[39m       [36mawait[39m waitFor(() [33m=>[39m {
     [90m     |[39m                    [31m[1m^[22m[39m
     [90m 262 |[39m         expect(screen[33m.[39mgetByText([35m/error/i[39m))[33m.[39mtoBeInTheDocument()[33m;[39m
     [90m 263 |[39m         expect(screen[33m.[39mgetByText([35m/player "unknown player" not found/i[39m))[33m.[39mtoBeInTheDocument()[33m;[39m
     [90m 264 |[39m       }[33m,[39m { timeout[33m:[39m [35m1000[39m })[33m;[39m[0m

      at waitForWrapper (node_modules/@testing-library/dom/dist/wait-for.js:163:27)
      at Object.<anonymous> (app/__tests__/page.test.tsx:261:20)

  ΓùÅ Home Page Integration Tests ΓÇ║ Error Handling Scenarios ΓÇ║ should display connection error when backend is unavailable

    Unable to find an element with the text: /unable to connect to the server/i. This could be because the text is broken up by multiple elements. In this case, you can provide a function for your text matcher to make your matcher more flexible.

    Ignored nodes: comments, script, style
    [36m<body>[39m
      [36m<div>[39m
        [36m<div[39m
          [33mclass[39m=[32m"min-h-screen bg-cyber-black text-cyber-green font-mono"[39m
        [36m>[39m
          [36m<header[39m
            [33mclass[39m=[32m"border-b-2 border-cyber-green py-6 shadow-neon-green-sm"[39m
          [36m>[39m
            [36m<div[39m
              [33mclass[39m=[32m"container mx-auto px-4"[39m
            [36m>[39m
              [36m<h1[39m
                [33mclass[39m=[32m"text-4xl md:text-5xl font-bold text-center text-cyber-green-light tracking-wider"[39m
              [36m>[39m
                [0mΓÜ╜ SCOUT AI: HIDDEN GEMS[0m
              [36m</h1>[39m
              [36m<p[39m
                [33mclass[39m=[32m"text-center text-cyber-green mt-2 tracking-wide"[39m
              [36m>[39m
                [0m&gt; Discover undervalued players similar to your favorite stars_[0m
              [36m</p>[39m
            [36m</div>[39m
          [36m</header>[39m
          [36m<div[39m
            [33mclass[39m=[32m"w-full max-w-4xl mx-auto p-8"[39m
          [36m>[39m
            [36m<form[39m
              [33mclass[39m=[32m"relative"[39m
            [36m>[39m
              [36m<div[39m
                [33mclass[39m=[32m"flex items-center gap-4"[39m
              [36m>[39m
                [36m<div[39m
                  [33mclass[39m=[32m"flex-shrink-0"[39m
                [36m>[39m
                  [36m<svg[39m
                    [33mclass[39m=[32m"w-8 h-8 text-cyber-green-light animate-pulse"[39m
                    [33mfill[39m=[32m"none"[39m
                    [33mstroke[39m=[32m"currentColor"[39m
                    [33mviewBox[39m=[32m"0 0 24 24"[39m
                    [33mxmlns[39m=[32m"http://www.w3.org/2000/svg"[39m
                  [36m>[39m
                    [36m<path[39m
                      [33md[39m=[32m"M21 21l-6-6m2-5a7 7 0 11-14 0 7 7 0 0114 0z"[39m
                      [33mstroke-linecap[39m=[32m"round"[39m
                      [33mstroke-linejoin[39m=[32m"round"[39m
                      [33mstroke-width[39m=[32m"2"[39m
                    [36m/>[39m
                  [36m</svg>[39m
                [36m</div>[39m
                [36m<input[39m
                  [33maria-label[39m=[32m"Player name search"[39m
                  [33mclass[39m=[32m"flex-1 px-6 py-4 text-2xl bg-cyber-black text-cyber-green border-2 border-cyber-green rounded-lg focus:outline-none focus:ring-2 focus:ring-cyber-green-light focus:border-transparent focus:shadow-neon-green-sm placeholder-cyber-gray disabled:opacity-50 
disabled:cursor-not-allowed transition-all tracking-wide"[39m
                  [33mplaceholder[39m=[32m"> Enter player name (e.g., Kylian Mbappe)_"[39m
                  [33mtype[39m=[32m"text"[39m
                  [33mvalue[39m=[32m"Test Player"[39m
                [36m/>[39m
                [36m<button[39m
                  [33mclass[39m=[32m"px-8 py-4 text-xl font-bold bg-cyber-green text-cyber-black rounded-lg hover:bg-cyber-green-light focus:outline-none focus:ring-2 focus:ring-cyber-green-light disabled:opacity-50 disabled:cursor-not-allowed transition-all hover:shadow-neon-green 
tracking-wider"[39m
                  [33mtype[39m=[32m"submit"[39m
                [36m>[39m
                  [0m[ SEARCH ][0m
                [36m</button>[39m
              [36m</div>[39m
            [36m</form>[39m
          [36m</div>[39m
          [36m<footer[39m
            [33mclass[39m=[32m"border-t-2 border-cyber-green mt-16 py-6 shadow-neon-green-sm"[39m
          [36m>[39m
            [36m<div[39m
              [33mclass[39m=[32m"container mx-auto px-4 text-center text-cyber-green text-sm tracking-wider"[39m
            [36m>[39m
              [36m<p>[39m
                [0m&gt; SCOUT AI HIDDEN GEMS - Powered by FC 24 Data & Machine Learning_[0m
              [36m</p>[39m
            [36m</div>[39m
          [36m</footer>[39m
        [36m</div>[39m
      [36m</div>[39m
    [36m</body>[39m

    [0m [90m 280 |[39m       jest[33m.[39madvanceTimersByTime([35m300[39m)[33m;[39m
     [90m 281 |[39m
    [31m[1m>[22m[39m[90m 282 |[39m       [36mawait[39m waitFor(() [33m=>[39m {
     [90m     |[39m                    [31m[1m^[22m[39m
     [90m 283 |[39m         expect(screen[33m.[39mgetByText([35m/unable to connect to the server/i[39m))[33m.[39mtoBeInTheDocument()[33m;[39m
     [90m 284 |[39m       }[33m,[39m { timeout[33m:[39m [35m1000[39m })[33m;[39m
     [90m 285 |[39m     })[33m;[39m[0m

      at waitForWrapper (node_modules/@testing-library/dom/dist/wait-for.js:163:27)
      at Object.<anonymous> (app/__tests__/page.test.tsx:282:20)

  ΓùÅ Home Page Integration Tests ΓÇ║ Error Handling Scenarios ΓÇ║ should allow retry after error

    Unable to find an element with the text: /player not found/i. This could be because the text is broken up by multiple elements. In this case, you can provide a function for your text matcher to make your matcher more flexible.

    Ignored nodes: comments, script, style
    [36m<body>[39m
      [36m<div>[39m
        [36m<div[39m
          [33mclass[39m=[32m"min-h-screen bg-cyber-black text-cyber-green font-mono"[39m
        [36m>[39m
          [36m<header[39m
            [33mclass[39m=[32m"border-b-2 border-cyber-green py-6 shadow-neon-green-sm"[39m
          [36m>[39m
            [36m<div[39m
              [33mclass[39m=[32m"container mx-auto px-4"[39m
            [36m>[39m
              [36m<h1[39m
                [33mclass[39m=[32m"text-4xl md:text-5xl font-bold text-center text-cyber-green-light tracking-wider"[39m
              [36m>[39m
                [0mΓÜ╜ SCOUT AI: HIDDEN GEMS[0m
              [36m</h1>[39m
              [36m<p[39m
                [33mclass[39m=[32m"text-center text-cyber-green mt-2 tracking-wide"[39m
              [36m>[39m
                [0m&gt; Discover undervalued players similar to your favorite stars_[0m
              [36m</p>[39m
            [36m</div>[39m
          [36m</header>[39m
          [36m<div[39m
            [33mclass[39m=[32m"w-full max-w-4xl mx-auto p-8"[39m
          [36m>[39m
            [36m<form[39m
              [33mclass[39m=[32m"relative"[39m
            [36m>[39m
              [36m<div[39m
                [33mclass[39m=[32m"flex items-center gap-4"[39m
              [36m>[39m
                [36m<div[39m
                  [33mclass[39m=[32m"flex-shrink-0"[39m
                [36m>[39m
                  [36m<svg[39m
                    [33mclass[39m=[32m"w-8 h-8 text-cyber-green-light animate-pulse"[39m
                    [33mfill[39m=[32m"none"[39m
                    [33mstroke[39m=[32m"currentColor"[39m
                    [33mviewBox[39m=[32m"0 0 24 24"[39m
                    [33mxmlns[39m=[32m"http://www.w3.org/2000/svg"[39m
                  [36m>[39m
                    [36m<path[39m
                      [33md[39m=[32m"M21 21l-6-6m2-5a7 7 0 11-14 0 7 7 0 0114 0z"[39m
                      [33mstroke-linecap[39m=[32m"round"[39m
                      [33mstroke-linejoin[39m=[32m"round"[39m
                      [33mstroke-width[39m=[32m"2"[39m
                    [36m/>[39m
                  [36m</svg>[39m
                [36m</div>[39m
                [36m<input[39m
                  [33maria-label[39m=[32m"Player name search"[39m
                  [33mclass[39m=[32m"flex-1 px-6 py-4 text-2xl bg-cyber-black text-cyber-green border-2 border-cyber-green rounded-lg focus:outline-none focus:ring-2 focus:ring-cyber-green-light focus:border-transparent focus:shadow-neon-green-sm placeholder-cyber-gray disabled:opacity-50 
disabled:cursor-not-allowed transition-all tracking-wide"[39m
                  [33mplaceholder[39m=[32m"> Enter player name (e.g., Kylian Mbappe)_"[39m
                  [33mtype[39m=[32m"text"[39m
                  [33mvalue[39m=[32m"Bad Name"[39m
                [36m/>[39m
                [36m<button[39m
                  [33mclass[39m=[32m"px-8 py-4 text-xl font-bold bg-cyber-green text-cyber-black rounded-lg hover:bg-cyber-green-light focus:outline-none focus:ring-2 focus:ring-cyber-green-light disabled:opacity-50 disabled:cursor-not-allowed transition-all hover:shadow-neon-green 
tracking-wider"[39m
                  [33mtype[39m=[32m"submit"[39m
                [36m>[39m
                  [0m[ SEARCH ][0m
                [36m</button>[39m
              [36m</div>[39m
            [36m</form>[39m
          [36m</div>[39m
          [36m<footer[39m
            [33mclass[39m=[32m"border-t-2 border-cyber-green mt-16 py-6 shadow-neon-green-sm"[39m
          [36m>[39m
            [36m<div[39m
              [33mclass[39m=[32m"container mx-auto px-4 text-center text-cyber-green text-sm tracking-wider"[39m
            [36m>[39m
              [36m<p>[39m
                [0m&gt; SCOUT AI HIDDEN GEMS - Powered by FC 24 Data & Machine Learning_[0m
              [36m</p>[39m
            [36m</div>[39m
          [36m</footer>[39m
        [36m</div>[39m
      [36m</div>[39m
    [36m</body>[39m

    [0m [90m 323 |[39m       jest[33m.[39madvanceTimersByTime([35m300[39m)[33m;[39m
     [90m 324 |[39m
    [31m[1m>[22m[39m[90m 325 |[39m       [36mawait[39m waitFor(() [33m=>[39m {
     [90m     |[39m                    [31m[1m^[22m[39m
     [90m 326 |[39m         expect(screen[33m.[39mgetByText([35m/player not found/i[39m))[33m.[39mtoBeInTheDocument()[33m;[39m
     [90m 327 |[39m       }[33m,[39m { timeout[33m:[39m [35m1000[39m })[33m;[39m
     [90m 328 |[39m[0m

      at waitForWrapper (node_modules/@testing-library/dom/dist/wait-for.js:163:27)
      at Object.<anonymous> (app/__tests__/page.test.tsx:325:20)

  ΓùÅ Home Page Integration Tests ΓÇ║ Error Handling Scenarios ΓÇ║ should show loading indicator during search

    Unable to find an element with the text: /searching/i. This could be because the text is broken up by multiple elements. In this case, you can provide a function for your text matcher to make your matcher more flexible.

    Ignored nodes: comments, script, style
    [36m<body>[39m
      [36m<div>[39m
        [36m<div[39m
          [33mclass[39m=[32m"min-h-screen bg-cyber-black text-cyber-green font-mono"[39m
        [36m>[39m
          [36m<header[39m
            [33mclass[39m=[32m"border-b-2 border-cyber-green py-6 shadow-neon-green-sm"[39m
          [36m>[39m
            [36m<div[39m
              [33mclass[39m=[32m"container mx-auto px-4"[39m
            [36m>[39m
              [36m<h1[39m
                [33mclass[39m=[32m"text-4xl md:text-5xl font-bold text-center text-cyber-green-light tracking-wider"[39m
              [36m>[39m
                [0mΓÜ╜ SCOUT AI: HIDDEN GEMS[0m
              [36m</h1>[39m
              [36m<p[39m
                [33mclass[39m=[32m"text-center text-cyber-green mt-2 tracking-wide"[39m
              [36m>[39m
                [0m&gt; Discover undervalued players similar to your favorite stars_[0m
              [36m</p>[39m
            [36m</div>[39m
          [36m</header>[39m
          [36m<div[39m
            [33mclass[39m=[32m"w-full max-w-4xl mx-auto p-8"[39m
          [36m>[39m
            [36m<form[39m
              [33mclass[39m=[32m"relative"[39m
            [36m>[39m
              [36m<div[39m
                [33mclass[39m=[32m"flex items-center gap-4"[39m
              [36m>[39m
                [36m<div[39m
                  [33mclass[39m=[32m"flex-shrink-0"[39m
                [36m>[39m
                  [36m<svg[39m
                    [33mclass[39m=[32m"w-8 h-8 text-cyber-green-light animate-pulse"[39m
                    [33mfill[39m=[32m"none"[39m
                    [33mstroke[39m=[32m"currentColor"[39m
                    [33mviewBox[39m=[32m"0 0 24 24"[39m
                    [33mxmlns[39m=[32m"http://www.w3.org/2000/svg"[39m
                  [36m>[39m
                    [36m<path[39m
                      [33md[39m=[32m"M21 21l-6-6m2-5a7 7 0 11-14 0 7 7 0 0114 0z"[39m
                      [33mstroke-linecap[39m=[32m"round"[39m
                      [33mstroke-linejoin[39m=[32m"round"[39m
                      [33mstroke-width[39m=[32m"2"[39m
                    [36m/>[39m
                  [36m</svg>[39m
                [36m</div>[39m
                [36m<input[39m
                  [33maria-label[39m=[32m"Player name search"[39m
                  [33mclass[39m=[32m"flex-1 px-6 py-4 text-2xl bg-cyber-black text-cyber-green border-2 border-cyber-green rounded-lg focus:outline-none focus:ring-2 focus:ring-cyber-green-light focus:border-transparent focus:shadow-neon-green-sm placeholder-cyber-gray disabled:opacity-50 
disabled:cursor-not-allowed transition-all tracking-wide"[39m
                  [33mplaceholder[39m=[32m"> Enter player name (e.g., Kylian Mbappe)_"[39m
                  [33mtype[39m=[32m"text"[39m
                  [33mvalue[39m=[32m"Test Player"[39m
                [36m/>[39m
                [36m<button[39m
                  [33mclass[39m=[32m"px-8 py-4 text-xl font-bold bg-cyber-green text-cyber-black rounded-lg hover:bg-cyber-green-light focus:outline-none focus:ring-2 focus:ring-cyber-green-light disabled:opacity-50 disabled:cursor-not-allowed transition-all hover:shadow-neon-green 
tracking-wider"[39m
                  [33mtype[39m=[32m"submit"[39m
                [36m>[39m
                  [0m[ SEARCH ][0m
                [36m</button>[39m
              [36m</div>[39m
            [36m</form>[39m
          [36m</div>[39m
          [36m<div[39m
            [33mclass[39m=[32m"container mx-auto px-4 py-8"[39m
          [36m>[39m
            [36m<div[39m
              [33mclass[39m=[32m"mb-12"[39m
            [36m>[39m
              [36m<h2[39m
                [33mclass[39m=[32m"text-2xl font-bold text-cyber-green-light mb-4 text-center tracking-wider"[39m
              [36m>[39m
                [0m[ SEARCHED PLAYER ][0m
              [36m</h2>[39m
              [36m<div[39m
                [33mclass[39m=[32m"max-w-md mx-auto"[39m
              [36m>[39m
                [36m<div[39m
                  [33maria-label[39m=[32m"Kylian Mbappe - ST - Overall 91"[39m
                  [33mclass[39m=[32m"
            relative p-6 bg-cyber-dark-gray border-2 rounded-lg transition-all
            border-cyber-green-dark shadow-neon-green-sm
          "[39m
                  [33mrole[39m=[32m"article"[39m
                [36m>[39m
                  [36m<h3[39m
                    [33mclass[39m=[32m"text-2xl font-bold text-cyber-green-light mb-4 tracking-wide"[39m
                  [36m>[39m
                    [0m&gt; [0m
                    [0mKylian Mbappe[0m
                  [36m</h3>[39m
                  [36m<div[39m
                    [33mclass[39m=[32m"space-y-2 text-cyber-green"[39m
                  [36m>[39m
                    [36m<div[39m
                      [33mclass[39m=[32m"flex items-center gap-2"[39m
                    [36m>[39m
                      [36m<span[39m
                        [33mclass[39m=[32m"text-cyber-gray font-semibold tracking-wider"[39m
                      [36m>[39m
                        [0mCLUB:[0m
                      [36m</span>[39m
                      [36m<span[39m
                        [33mclass[39m=[32m"tracking-wide"[39m
                      [36m>[39m
                        [0mParis Saint-Germain[0m
                      [36m</span>[39m
                    [36m</div>[39m
                    [36m<div[39m
                      [33mclass[39m=[32m"flex items-center gap-2"[39m
                    [36m>[39m
                      [36m<span[39m
                        [33mclass[39m=[32m"text-cyber-gray font-semibold tracking-wider"[39m
                      [36m>[39m
                        [0mNATION:[0m
                      [36m</span>[39m
                      [36m<span[39m
                        [33mclass[39m=[32m"tracking-wide"[39m
                      [36m>[39m
                        [0mFrance[0m
                      [36m</span>[39m
                    [36m</div>[39m
                    [36m<div[39m
                      [33mclass[39m=[32m"flex items-center gap-2"[39m
                    [36m>[39m
                      [36m<span[39m
                        [33mclass[39m=[32m"text-cyber-gray font-semibold tracking-wider"[39m
                      [36m>[39m
                        [0mPOS:[0m
                      [36m</span>[39m
                      [36m<span[39m
                        [33mclass[39m=[32m"font-mono tracking-widest"[39m
                      [36m>[39m
                        [0mST[0m
                      [36m</span>[39m
                    [36m</div>[39m
                    [36m<div[39m
                      [33mclass[39m=[32m"flex items-center gap-2"[39m
                    [36m>[39m
                      [36m<span[39m
                        [33mclass[39m=[32m"text-cyber-gray font-semibold tracking-wider"[39m
                      [36m>[39m
                        [0mOVR:[0m
                      [36m</span>[39m
                      [36m<span[39m
                        [33mclass[39m=[32m"text-3xl font-bold text-cyber-green-light"[39m
                      [36m>[39m
                        [0m91[0m
                      [36m</span>[39m
                    [36m</div>[39m
                  [36m</div>[39m
           ...

    [0m [90m 368 |[39m
     [90m 369 |[39m       [90m// Wait for loading state[39m
    [31m[1m>[22m[39m[90m 370 |[39m       [36mawait[39m waitFor(() [33m=>[39m {
     [90m     |[39m                    [31m[1m^[22m[39m
     [90m 371 |[39m         expect(screen[33m.[39mgetByText([35m/searching/i[39m))[33m.[39mtoBeInTheDocument()[33m;[39m
     [90m 372 |[39m       }[33m,[39m { timeout[33m:[39m [35m1000[39m })[33m;[39m
     [90m 373 |[39m[0m

      at waitForWrapper (node_modules/@testing-library/dom/dist/wait-for.js:163:27)
      at Object.<anonymous> (app/__tests__/page.test.tsx:370:20)

PASS components/__tests__/RadarChart.test.tsx

Test Suites: 1 failed, 4 passed, 5 total
Tests:       4 failed, 72 passed, 76 total
Snapshots:   0 total
Time:        11.475 s
Ran all test suites.
